[gateway] token auto-grabbed from the local Discord app
[gateway] connected; heartbeat every 41.2s; ingesting to http://127.0.0.1:8420
[gateway] watchlist: 11 source(s) enabled
[gateway] EM ingestion: 2 channel(s) forwarded to the method inbox
[gateway] READY as visper7112 (32 DM channels)
[gateway] reported catalog: 24 DM(s), 14 server(s), 1929 channel(s) — pick sources in the app
[gateway] listening.
[11:39:12] DM from YVY (10 chars + 1 image(s)): '266.74 res'
    -> context channel: mirrored only (no tip intake)
[gateway] disconnected: 'charmap' codec can't encode character '\u03b3' in position 19: character maps to <undefined>; reconnecting in 1s
[gateway] connected; heartbeat every 41.2s; ingesting to http://127.0.0.1:8420
[gateway] READY as visper7112 (32 DM channels)
[gateway] reported catalog: 24 DM(s), 14 server(s), 1929 channel(s) — pick sources in the app
[gateway] listening.
[11:41:58] DM from Cybercool94 (19 chars): 'USO put… $2 gas eom'
    -> context channel: mirrored only (no tip intake)
[11:43:30] DM from YVY (5 chars): 'Tough'
    -> context channel: mirrored only (no tip intake)
[11:45:24] DM from moopoint (117 chars): 'I think everyone should keep an eye on FCEL. it has bounced off of 200dma perfectly. Bullish structure and fai'
    -> context channel: mirrored only (no tip intake)
[11:45:31] DM from moopoint (13 chars): 'Poorman’s $BE'
    -> context channel: mirrored only (no tip intake)
[11:45:44] DM from KianTrades (Yes Its Me) (43 chars): 'heard their management team is retarded tho'
    -> context channel: mirrored only (no tip intake)
[11:45:47] DM from KianTrades (Yes Its Me) (26 chars): 'so hard to compare with BE'
    -> context channel: mirrored only (no tip intake)
[11:45:52] DM from Coopaloop (65 chars): 'Probably time to take some USO puts. Massive put flow 9/25 on it.'
    -> context channel: mirrored only (no tip intake)
[11:45:54] DM from KianTrades (Yes Its Me) (9 chars): 'but again'
    -> context channel: mirrored only (no tip intake)
[11:45:55] DM from moopoint (10 chars): 'So is EOSE'
    -> context channel: mirrored only (no tip intake)
[11:45:56] DM from KianTrades (Yes Its Me) (3 chars): 'idk'
    -> context channel: mirrored only (no tip intake)
[11:46:05] DM from KianTrades (Yes Its Me) (19 chars): 'EOSE even worse lol'
    -> context channel: mirrored only (no tip intake)
[11:46:30] DM from moopoint (65 chars): 'I think its time for clean energy rally. FSLR ENPH SEDG FCEL PLUG'
    -> context channel: mirrored only (no tip intake)
[11:46:59] DM from KianTrades (Yes Its Me) (21 chars): 'ya im already in FSLR'
    -> context channel: mirrored only (no tip intake)
[11:47:01] DM from moopoint (56 chars): 'Both ICLN and TAN had huge DP. ICLN was on spot reversal'
    -> context channel: mirrored only (no tip intake)
[11:47:01] DM from KianTrades (Yes Its Me) (14 chars): 'alerted at 206'
    -> context channel: mirrored only (no tip intake)
[11:47:12] DM from FIBBOGUCCI (15 chars): 'eose is so 2025'
    -> context channel: mirrored only (no tip intake)
[11:47:38] DM from Christian81 (17 chars): 'Holy fucking taco'
    -> context channel: mirrored only (no tip intake)
[11:47:46] DM from moopoint (84 chars): 'Yea FSLR is great. Front runs solar. But im in enph shares bought today. Higher beta'
    -> context channel: mirrored only (no tip intake)
[11:48:05] DM from greymatter1 (4 chars): 'whoa'
    -> context channel: mirrored only (no tip intake)
[11:48:09] DM from Billyy (9 chars): 'why crash'
    -> context channel: mirrored only (no tip intake)
[gateway] disconnected: 'charmap' codec can't encode character '\u25cf' in position 129: character maps to <undefined>; reconnecting in 2s
[gateway] connected; heartbeat every 41.2s; ingesting to http://127.0.0.1:8420
[gateway] READY as visper7112 (32 DM channels)
[gateway] reported catalog: 24 DM(s), 14 server(s), 1929 channel(s) — pick sources in the app
[gateway] listening.
[11:48:18] DM from deddo (7 chars): 'finally'
    -> context channel: mirrored only (no tip intake)
[11:48:47] DM from moopoint (16 chars): 'Explosions heard'
    -> context channel: mirrored only (no tip intake)
[11:48:59] DM from sleepy Joe (0 chars + 1 image(s)): ''
    -> context channel: mirrored only (no tip intake)
[11:49:03] DM from moopoint (35 chars): 'I heard my explosion in the morning'
    -> context channel: mirrored only (no tip intake)
[11:49:08] DM from KianTrades (Yes Its Me) (8 chars): 'wtf LOLL'
    -> context channel: mirrored only (no tip intake)
[11:49:08] DM from deddo (14 chars): 'msft took shit'
    -> context channel: mirrored only (no tip intake)
[11:49:09] DM from Billyy (4 chars): 'lmao'
    -> context channel: mirrored only (no tip intake)
[11:49:12] DM from Billyy (5 chars): 'bruhh'
    -> context channel: mirrored only (no tip intake)
[11:49:18] DM from ROBBI3ROB (53 chars): '<:KEKW:796596496182149131> <:KEKW:796596496182149131>'
    -> context channel: mirrored only (no tip intake)
[11:49:18] DM from Billyy (10 chars): 'r they srs'
    -> context channel: mirrored only (no tip intake)
[11:49:40] DM from igy_igyigy (8 chars): 'Bruhhhhh'
    -> context channel: mirrored only (no tip intake)
[11:49:44] DM from moopoint (36 chars): 'IGV gotta sacrifice for semi n chips'
    -> context channel: mirrored only (no tip intake)
[11:49:54] DM from igy_igyigy (13 chars): 'Seriously now'
    -> context channel: mirrored only (no tip intake)
[11:50:01] DM from deddo (26 chars): 'yes i been short since 512'
    -> context channel: mirrored only (no tip intake)
[11:50:04] DM from SASSANSTONKZ (12 chars): 'wtf was that'
    -> context channel: mirrored only (no tip intake)
[gateway] disconnected: 'charmap' codec can't encode character '\u25cf' in position 129: character maps to <undefined>; reconnecting in 4s
[gateway] connected; heartbeat every 41.2s; ingesting to http://127.0.0.1:8420
[gateway] READY as visper7112 (32 DM channels)
[gateway] reported catalog: 24 DM(s), 14 server(s), 1929 channel(s) — pick sources in the app
[gateway] listening.
[11:50:21] DM from moopoint (45 chars): 'I wish i could have balls and ability to time'
    -> context channel: mirrored only (no tip intake)
[11:50:21] DM from trippe (54 chars): 'damn imagine shorting oil just to get fucking blown up'
    -> context channel: mirrored only (no tip intake)
[11:50:23] DM from trippe (26 chars): '<:KEKW:796596496182149131>'
    -> context channel: mirrored only (no tip intake)
[11:50:34] DM from OWLS Capital Clanker [bot] (137 chars): "NEWS ALERT\nEXPLOSION SOUNDS HEARD IN IRAN'S KHARG ISLAND, NO OFFICIAL ANNOUNCEMENT YET - IRAN'S MEHR NEWS AGEN"
    -> context channel: mirrored only (no tip intake)
[11:50:42] DM from I.B (37 chars): "Fuck stock it's champions league time"
    -> context channel: mirrored only (no tip intake)
[11:50:45] DM from rdmoney (11 chars): 'Awesome lol'
    -> context channel: mirrored only (no tip intake)
[11:50:48] DM from trippe (48 chars): 'its not even official <:dead:591405369792659466>'
    -> context channel: mirrored only (no tip intake)
[11:50:56] DM from trippe (55 chars): 'mfs goin off of what they hearing through the grapevine'
    -> context channel: mirrored only (no tip intake)
[11:50:58] DM from trippe (9 chars): 'holy shit'
    -> context channel: mirrored only (no tip intake)
[11:50:59] DM from Jake (23 chars): 'Probably just fireworks'
    -> context channel: mirrored only (no tip intake)
[11:51:02] DM from Beermoney (28 chars): 'it was just fireworks, relax'
    -> context channel: mirrored only (no tip intake)
[11:51:07] DM from Jake (8 chars): 'ME FIRST'
    -> context channel: mirrored only (no tip intake)
[11:51:07] DM from bull_bearnanke (47 chars): 'that USO bear just minutes before the pump lmao'
    -> context channel: mirrored only (no tip intake)
[11:51:15] DM from igy_igyigy (20 chars): 'So much for uso puts'
    -> context channel: mirrored only (no tip intake)
[11:51:25] DM from igy_igyigy (21 chars): 'Maybe put sellers lol'
    -> context channel: mirrored only (no tip intake)
[11:51:46] DM from rdmoney (24 chars): 'Man they are LOADED tqqq'
    -> context channel: mirrored only (no tip intake)
[11:51:50] DM from AdoI (0 chars): ''
    -> context channel: mirrored only (no tip intake)
[11:51:51] DM from AdoI (12 chars): 'Let’s fkn go'
    -> context channel: mirrored only (no tip intake)
[gateway] disconnected: 'charmap' codec can't encode characters in position 41-43: character maps to <undefined>; reconnecting in 8s
[gateway] connected; heartbeat every 41.2s; ingesting to http://127.0.0.1:8420
[gateway] READY as visper7112 (32 DM channels)
[gateway] reported catalog: 24 DM(s), 14 server(s), 1929 channel(s) — pick sources in the app
[gateway] listening.
[11:52:26] DM from moopoint (54 chars): '**NEWS ALERT**\n\nUS to invest 100B on underground Silos'
    -> context channel: mirrored only (no tip intake)
[11:52:30] DM from AdoI (17 chars): 'Fed cut next week'
    -> context channel: mirrored only (no tip intake)
[11:52:55] DM from Mohammed (7 chars): 'Source?'
    -> context channel: mirrored only (no tip intake)
[11:52:59] DM from 124GP (27 chars): 'USO puts timing was uncanny'
    -> context channel: mirrored only (no tip intake)
[11:53:11] DM from Whose_chair_is_that (0 chars + 1 image(s)): ''
    -> context channel: mirrored only (no tip intake)
[11:53:41] DM from sleepy Joe (36 chars): 'https://klipy.com/gifs/twerking-taco'
    -> context channel: mirrored only (no tip intake)
[11:53:42] DM from sleepy Joe (14 chars): 'TACO Tuesday ?'
    -> context channel: mirrored only (no tip intake)
[11:53:51] DM from bull_bearnanke (45 chars): 'books getting sent out for cleaning first day'
    -> context channel: mirrored only (no tip intake)
[11:54:05] DM from ROBBI3ROB (57 chars): 'Googl loves any chance to dump <:KEKW:796596496182149131>'
    -> context channel: mirrored only (no tip intake)
[11:54:39] DM from moopoint (22 chars): 'Maybe it was sold puts'
    -> context channel: mirrored only (no tip intake)
[11:54:42] DM from EvaPanda Alerts [bot] (270 chars): '<@&1477875742556553329>\nOpen\nBTO GS 09/18/2026 1100C @ 4.50 (Risky Swing), TP: 1045, 1070, 1100 (SL: Under 102'
[gateway] heartbeat not ACKed — forcing reconnect
    -> ingest failed: 'charmap' codec can't encode characters in position 35-36: character maps to <undefined>
[11:56:28] DM from OWLS Capital Clanker [bot] (273 chars): 'From <#836438781233070130>\nOpen\nBTO GS 09/18/2026 1100C @ 4.50 (Risky Swing), TP: 1045, 1070, 1100 (SL: Under '
    -> context channel: mirrored only (no tip intake)
[gateway] disconnected: sent 1011 (internal error) keepalive ping timeout; no close frame received; reconnecting in 16s
[gateway] connected; heartbeat every 41.2s; ingesting to http://127.0.0.1:8420
[gateway] READY as visper7112 (32 DM channels)
[gateway] reported catalog: 24 DM(s), 14 server(s), 1929 channel(s) — pick sources in the app
[gateway] listening.
[11:56:55] DM from Jay Liu (27 chars): 'HPE looking sexy af for 60+'
    -> context channel: mirrored only (no tip intake)
[11:57:09] DM from YVY (56 chars): 'Would love 7635 before PPI and then run back higher $spx'
    -> context channel: mirrored only (no tip intake)
[11:57:27] DM from KianTrades (Yes Its Me) (15 chars + 1 image(s)): 'does look great'
    -> context channel: mirrored only (no tip intake)
[11:57:41] DM from igy_igyigy (9 chars): 'Meta mewn'
    -> context channel: mirrored only (no tip intake)
[11:59:04] DM from Cybercool94 (18 chars): 'Run deez nutz back'
    -> context channel: mirrored only (no tip intake)
[11:59:21] DM from CondorTango (28 chars + 1 image(s)): 'what was this futures shift?'
    -> context channel: mirrored only (no tip intake)
[11:59:42] DM from CondorTango (193 chars): "oh https://x.com/faststocknewss/status/2097398174545826277?s=20\nFSMN (@faststocknewss)\nIRAN'S MEHR NEWS AGENCY"
    -> context channel: mirrored only (no tip intake)
[11:59:54] DM from YVY (19 chars): 'Nice liquidity grab'
    -> context channel: mirrored only (no tip intake)
[12:00:32] DM from SASSANSTONKZ (12 chars): 'META GOOOOOO'
    -> context channel: mirrored only (no tip intake)
[12:00:34] DM from KianTrades (Yes Its Me) (34 chars + 1 image(s)): 'PA for the past 4 months @everyone'
    -> context channel: mirrored only (no tip intake)
[12:00:50] DM from Posh (10 chars): 'Wtf happen'
    -> context channel: mirrored only (no tip intake)
[12:01:05] DM from Billyy (22 chars): 'meta launches museband'
    -> context channel: mirrored only (no tip intake)
[12:01:29] DM from SASSANSTONKZ (20 chars + 1 image(s)): 'just shush and enjoy'
    -> context channel: mirrored only (no tip intake)
[12:01:49] DM from Breezzzzyyyy (0 chars + 1 image(s)): ''
    -> context channel: mirrored only (no tip intake)
[12:01:54] DM from Billyy (29 chars): 'why did zuck delete his tweet'
    -> context channel: mirrored only (no tip intake)
[12:01:55] DM from Billyy (3 chars): 'wtf'
    -> context channel: mirrored only (no tip intake)
[12:01:55] DM from mritsi (0 chars): ''
    -> context channel: mirrored only (no tip intake)
[12:02:03] DM from mritsi (20 chars): 'Someone always knows'
    -> context channel: mirrored only (no tip intake)
[12:02:20] DM from Posh (0 chars): ''
    -> context channel: mirrored only (no tip intake)
[12:02:52] DM from AdoI (19 chars): 'Another dogshit day'
    -> context channel: mirrored only (no tip intake)
[12:03:05] DM from joemama101 (36 chars): 'Anyone else just got touched by rddt'
    -> context channel: mirrored only (no tip intake)
[12:03:19] DM from ROBBI3ROB (32 chars): 'Give me a 340 close sundar bitch'
    -> context channel: mirrored only (no tip intake)
[12:03:43] DM from Jay Liu (29 chars): 'is meta finally gonna hit 700'
    -> context channel: mirrored only (no tip intake)
[12:03:51] DM from MuggZone (28 chars): 'meta broke throw 620 ceiling'
    -> ingest failed: 'charmap' codec can't encode characters in position 35-36: character maps to <undefined>
[12:04:26] DM from Jay Liu (33 chars): 'been stuck in this range all year'
    -> context channel: mirrored only (no tip intake)
[gateway] disconnected: sent 1011 (internal error) keepalive ping timeout; no close frame received; reconnecting in 32s
[gateway] connected; heartbeat every 41.2s; ingesting to http://127.0.0.1:8420
[gateway] READY as visper7112 (32 DM channels)
[gateway] reported catalog: 24 DM(s), 14 server(s), 1929 channel(s) — pick sources in the app
[gateway] listening.
[12:05:19] DM from Posh (0 chars + 1 image(s)): ''
    -> context channel: mirrored only (no tip intake)
[12:05:38] DM from MuggZone (0 chars + 1 image(s)): ''
    -> ingest failed: 'charmap' codec can't encode characters in position 35-36: character maps to <undefined>
[12:06:20] DM from mcchicken (27 chars): 'meta pumps $10 time to buy?'
    -> context channel: mirrored only (no tip intake)
[12:06:20] DM from AbTrades Alert Bot [bot] (120 chars + 1 image(s)): '**$AMZN 11/20 300c 4.8** \nStarters \nbuild zone: 240 - 252 \nPT: 270, 282, 298 \n\nPRAY for a DIP!!!\n\n<@&718643370'
[gateway] heartbeat not ACKed — forcing reconnect
    -> ingest failed: 'charmap' codec can't encode characters in position 35-36: character maps to <undefined>
[12:07:16] DM from OWLS Capital Clanker [bot] (318 chars + 1 image(s)): 'From <#1235366372385493074>\nAbTrades Alert Bot\nMessage:\n**$AMZN 11/20 300c 4.8** \nStarters \nbuild zone: 240 - '
    -> context channel: mirrored only (no tip intake)
[gateway] disconnected: sent 1011 (internal error) keepalive ping timeout; no close frame received; reconnecting in 60s
[gateway] connected; heartbeat every 41.2s; ingesting to http://127.0.0.1:8420
[gateway] READY as visper7112 (32 DM channels)
[gateway] reported catalog: 24 DM(s), 14 server(s), 1929 channel(s) — pick sources in the app
[gateway] listening.
[12:08:30] DM from YVY (18 chars): '$meta $621/$625.36'
    -> context channel: mirrored only (no tip intake)
[12:09:23] DM from KianTrades (Yes Its Me) (31 chars): 'looks great, 107 next key level'
    -> context channel: mirrored only (no tip intake)
[12:10:15] DM from MuggZone (19 chars + 1 image(s)): 'straight bonkers PA'
    -> ingest failed: 'charmap' codec can't encode characters in position 35-36: character maps to <undefined>
[gateway] disconnected: sent 1011 (internal error) keepalive ping timeout; no close frame received; reconnecting in 60s
[gateway] connected; heartbeat every 41.2s; ingesting to http://127.0.0.1:8420
[gateway] READY as visper7112 (32 DM channels)
[gateway] reported catalog: 24 DM(s), 14 server(s), 1929 channel(s) — pick sources in the app
[gateway] listening.
[12:12:02] DM from KianTrades (Yes Its Me) (18 chars): '#1 rule in trading'
    -> context channel: mirrored only (no tip intake)
[12:12:06] DM from KianTrades (Yes Its Me) (22 chars): 'never chase a headline'
    -> context channel: mirrored only (no tip intake)
[12:12:11] DM from Kirill (9 chars): 'Full port'
    -> context channel: mirrored only (no tip intake)
[12:12:11] DM from Jake (129 chars): 'I wanna chase fiber optic so bad but no there were weeks to build a position and I missed em. I’m with ab I wa'
    -> context channel: mirrored only (no tip intake)
[12:12:13] DM from trippe (26 chars): 'wait what was the headline'
    -> context channel: mirrored only (no tip intake)
[12:12:15] DM from rdmoney (10 chars): 'Meta gulag'
    -> context channel: mirrored only (no tip intake)
[12:12:16] DM from KianTrades (Yes Its Me) (34 chars): 'you can always find better entries'
    -> context channel: mirrored only (no tip intake)
[12:12:19] DM from Awinor (17 chars): 'Meta buy the dip?'
    -> context channel: mirrored only (no tip intake)
[gateway] disconnected: 'charmap' codec can't encode character '\U0001f614' in position 71: character maps to <undefined>; reconnecting in 60s
[gateway] connected; heartbeat every 41.2s; ingesting to http://127.0.0.1:8420
[gateway] READY as visper7112 (32 DM channels)
[gateway] reported catalog: 24 DM(s), 14 server(s), 1929 channel(s) — pick sources in the app
[gateway] listening.
[gateway] disconnected: 'charmap' codec can't encode character '\uff1f' in position 56: character maps to <undefined>; reconnecting in 60s
[gateway] connected; heartbeat every 41.2s; ingesting to http://127.0.0.1:8420
[gateway] READY as visper7112 (32 DM channels)
[gateway] reported catalog: 24 DM(s), 14 server(s), 1929 channel(s) — pick sources in the app
[gateway] listening.
[gateway] disconnected: 'charmap' codec can't encode character '\uff1f' in position 44: character maps to <undefined>; reconnecting in 60s
[gateway] connected; heartbeat every 41.2s; ingesting to http://127.0.0.1:8420
[gateway] READY as visper7112 (32 DM channels)
[gateway] reported catalog: 24 DM(s), 14 server(s), 1929 channel(s) — pick sources in the app
[gateway] listening.
[12:15:57] DM from Cercie (93 chars): 'https://cdn.discordapp.com/attachments/718643687097368658/1516892527683178527/right_click.gif'
    -> context channel: mirrored only (no tip intake)
[gateway] disconnected: 'charmap' codec can't encode characters in position 19-23: character maps to <undefined>; reconnecting in 60s
[gateway] connected; heartbeat every 41.2s; ingesting to http://127.0.0.1:8420
[gateway] READY as visper7112 (32 DM channels)
[gateway] reported catalog: 24 DM(s), 14 server(s), 1929 channel(s) — pick sources in the app
[gateway] listening.
[12:17:14] DM from moopoint (60 chars): 'From past fee days, qqq has been closing green while spy red'
    -> context channel: mirrored only (no tip intake)
[12:17:37] DM from Kirill (10 chars): 'SMH strong'
    -> context channel: mirrored only (no tip intake)
[12:17:40] DM from ROBBI3ROB (67 chars): 'What’s the significance of that number or just talking out your ass'
    -> context channel: mirrored only (no tip intake)
[12:18:11] DM from RodrigoM! (11 chars + 1 image(s)): 'BIDU 15 MIN'
    -> context channel: mirrored only (no tip intake)
[12:18:21] DM from AdoI (29 chars): 'Iran is cooking trumps legacy'
    -> context channel: mirrored only (no tip intake)
[12:18:47] DM from ROBBI3ROB (70 chars): 'He never had one <:KEKW:796596496182149131> <:KEKW:796596496182149131>'
    -> context channel: mirrored only (no tip intake)
[12:18:50] DM from kolopicay (29 chars): 'BXBL look explosive , I am in'
    -> context channel: mirrored only (no tip intake)
[12:18:56] DM from KeisterX (26 chars): 'wow meta bags mighty heavy'
    -> context channel: mirrored only (no tip intake)
[gateway] disconnected: 'charmap' codec can't encode character '\U0001f921' in position 98: character maps to <undefined>; reconnecting in 60s
[gateway] connected; heartbeat every 41.2s; ingesting to http://127.0.0.1:8420
[gateway] READY as visper7112 (32 DM channels)
[gateway] reported catalog: 24 DM(s), 14 server(s), 1929 channel(s) — pick sources in the app
[gateway] listening.
[12:21:44] DM from YVY (0 chars + 1 image(s)): ''
    -> context channel: mirrored only (no tip intake)
[12:21:44] DM from kolopicay (37 chars): 'Meta just give bulls a quick blow job'
    -> context channel: mirrored only (no tip intake)
[12:21:57] DM from YVY (18 chars): 'Photos not working'
    -> context channel: mirrored only (no tip intake)
[12:22:06] DM from moopoint (1 chars): '?'
    -> context channel: mirrored only (no tip intake)
[12:22:11] DM from Billyy (4 chars): 'lmao'
    -> context channel: mirrored only (no tip intake)
[12:22:14] DM from Billyy (22 chars): 'this meta pa is insane'
    -> context channel: mirrored only (no tip intake)
[12:22:19] DM from Billyy (21 chars): 'like it skips numbers'
    -> context channel: mirrored only (no tip intake)
[12:23:37] DM from YVY (28 chars): 'Discord acting up or my WiFi'
    -> context channel: mirrored only (no tip intake)
[12:23:45] DM from JAS (11 chars): 'Intc strong'
    -> context channel: mirrored only (no tip intake)
[12:23:50] DM from trippe (34 chars): 'this building a floor or someting?'
    -> context channel: mirrored only (no tip intake)
[12:24:30] DM from AdoI (49 chars): 'Mag 7 are all bottoming around the same time here'
    -> context channel: mirrored only (no tip intake)
[12:24:41] DM from M (33 chars): '<@523089010592055296> any $c flow'
    -> context channel: mirrored only (no tip intake)
[12:25:06] DM from KianTrades (Yes Its Me) (0 chars + 1 image(s)): ''
    -> context channel: mirrored only (no tip intake)
[12:25:15] DM from oomamii (26 chars): 'I see your pic of the rklb'
    -> context channel: mirrored only (no tip intake)
[12:25:35] DM from M (9 chars): 'Thank you'
    -> context channel: mirrored only (no tip intake)
[12:25:59] DM from rdmoney (17 chars): 'Meta 640s on disc'
    -> context channel: mirrored only (no tip intake)
[12:26:03] DM from JustStoppingBy (47 chars): 'https://tenor.com/view/to-the-moon-gif-20390606'
    -> context channel: mirrored only (no tip intake)
[12:26:35] DM from jaihan (46 chars): 'all space stocks nicely green, maybe rotation?'
    -> context channel: mirrored only (no tip intake)
[12:27:30] DM from JustStoppingBy (35 chars): 'lmao INTER MILAN falling apart lmao'
    -> context channel: mirrored only (no tip intake)
[12:28:18] DM from Mike (12 chars): 'Wtf was that'
    -> context channel: mirrored only (no tip intake)
[12:28:21] DM from Billyy (9 chars): 'u buying?'
    -> context channel: mirrored only (no tip intake)
[12:28:47] DM from JustStoppingBy (124 chars): "mostly all sectors up .. even oil climbing back up ... going to be interesting to see how the mag 7's  shake o"
    -> context channel: mirrored only (no tip intake)
[12:28:57] DM from rdmoney (38 chars): 'Already out <:KEKW:796596496182149131>'
    -> context channel: mirrored only (no tip intake)
[12:28:59] DM from JustStoppingBy (27 chars): 'lmao that was wild asf lmao'
    -> context channel: mirrored only (no tip intake)
[12:29:48] DM from OWLS Capital Clanker [bot] (126 chars): 'NEWS ALERT\nUS OFFICIAL TELLS I24NEWS THAT THE UNITED STATES IS CURRENTLY STRIKING IRANIAN OIL TANKERS\n09/08/26'
    -> context channel: mirrored only (no tip intake)
[12:30:24] DM from mcchicken (18 chars): 'archi in tsla puts'
    -> context channel: mirrored only (no tip intake)
[12:30:27] DM from JustStoppingBy (130 chars): "TSLA still bouncing off the july TL .. but that 370 level still a pain to get over .. it's smack dab in the mi"
    -> context channel: mirrored only (no tip intake)
[12:30:50] DM from rdmoney (21 chars): 'Bruh what is going on'
    -> context channel: mirrored only (no tip intake)
[12:31:04] DM from JustStoppingBy (43 chars): 'Inter are still drunk from the weekend lmao'
    -> context channel: mirrored only (no tip intake)
[12:31:08] DM from JustStoppingBy (17 chars): 'tf are they doing'
    -> context channel: mirrored only (no tip intake)
[12:32:04] DM from js14 (94 chars): 'with this bombing the USA has officially won the military conflict. Thankfully it is not a war'
    -> context channel: mirrored only (no tip intake)
[12:32:46] DM from BluntTruuth (23 chars): "It's a excursion, chill"
    -> context channel: mirrored only (no tip intake)
[12:33:01] DM from Romey (93 chars): 'Donny had a three day weekend to strike Iran but waited until Tuesday when the market is open'
    -> context channel: mirrored only (no tip intake)
[12:33:21] DM from Romey (27 chars): 'Give me peace deal by close'
    -> context channel: mirrored only (no tip intake)
[12:33:21] DM from BluntTruuth (40 chars): 'Didnt want to interupt his golf schedule'
    -> context channel: mirrored only (no tip intake)
[12:33:22] DM from JustStoppingBy (31 chars): 'for the 25566999944444 time now'
    -> context channel: mirrored only (no tip intake)
[12:33:23] DM from AdoI (41 chars): 'Nobody gives a f about these sand monkeys'
    -> context channel: mirrored only (no tip intake)
[12:33:33] DM from Romey (6 chars): 'Ok bro'
    -> context channel: mirrored only (no tip intake)
[12:33:39] DM from Romey (27 chars): 'Didn’t have to say alla dat'
    -> context channel: mirrored only (no tip intake)
[12:33:39] DM from js14 (49 chars): 'Now my meta puts are fucked what da helllyyyyyyyy'
    -> context channel: mirrored only (no tip intake)
[12:34:57] DM from Mohammed (47 chars): 'I think you need to give your lifetime to billy'
    -> context channel: mirrored only (no tip intake)
[12:35:07] DM from Billyy (6 chars): 'agreed'
    -> context channel: mirrored only (no tip intake)
[12:35:13] DM from js14 (32 chars): 'I am giving my lifetime to allah'
    -> context channel: mirrored only (no tip intake)
[12:35:17] listening (56 min up, 168 matching DM(s) so far)
[12:35:25] DM from Mohammed (31 chars): '<:pepesuit:1053030740335542372>'
    -> context channel: mirrored only (no tip intake)
[12:35:36] DM from js14 (32 chars): 'Account blown nothing else to do'
    -> context channel: mirrored only (no tip intake)
[12:36:01] DM from CondorTango (71 chars): "well now that you're ridin with allah you can blow something else up to"
    -> context channel: mirrored only (no tip intake)
[12:36:12] DM from rdmoney (13 chars): 'That was wild'
    -> context channel: mirrored only (no tip intake)
[12:36:21] DM from Cybercool94 (17 chars): 'Sndk back to $900'
    -> context channel: mirrored only (no tip intake)
[12:36:38] DM from mcchicken (52 chars): '<@496902223054241812> any stop loss for tsla thesis?'
    -> context channel: mirrored only (no tip intake)
[12:36:56] DM from rdmoney (25 chars): 'Skill issue (I’m red too)'
    -> context channel: mirrored only (no tip intake)
[12:36:59] DM from not_ur_*******_bsns (45 chars): 'anyone knows is that mug still in Meta calls?'
    -> context channel: mirrored only (no tip intake)
[12:37:00] DM from Billyy (13 chars): 'hmmm nbis dip'
    -> context channel: mirrored only (no tip intake)
[12:38:10] DM from JAS (22 chars): 'Intel doesn’t give a f'
    -> context channel: mirrored only (no tip intake)
[12:38:14] DM from CondorTango (48 chars + 1 image(s)): 'momentum looked at the 10Y and said f it we ride'
    -> context channel: mirrored only (no tip intake)
[12:38:21] DM from js14 (26 chars): 'Account so red it’s purple'
    -> context channel: mirrored only (no tip intake)
[12:38:27] DM from nimar0024 (36 chars): 'same i shouldnt have fomod into meta'
    -> context channel: mirrored only (no tip intake)
[12:38:40] DM from nimar0024 (31 chars): 'someone named margin calling me'
    -> context channel: mirrored only (no tip intake)
[12:39:22] DM from kolopicay (38 chars): 'Bessent setting up to squeeze the bear'
    -> context channel: mirrored only (no tip intake)
[12:39:41] DM from CondorTango (29 chars + 1 image(s)): 'just intc+sndk+dell and chill'
    -> context channel: mirrored only (no tip intake)
[12:39:59] DM from oomamii (23 chars): 'WMT holding 106 is nice'
    -> context channel: mirrored only (no tip intake)
[12:40:11] DM from Riley (55 chars): 'How are ppl red today just follow <@295400413438672898>'
    -> context channel: mirrored only (no tip intake)
[12:40:23] DM from Riley (38 chars): 'He is even a better analyst than books'
    -> context channel: mirrored only (no tip intake)
[12:40:35] DM from CondorTango (64 chars + 1 image(s)): "https://klipy.com/gifs/idk-rock1\nThe Rock's Iconic Eyebrow Raise"
    -> context channel: mirrored only (no tip intake)
[12:40:39] DM from YVY (18 chars): '$GOOGL 11/20 $390C'
    -> context channel: mirrored only (no tip intake)
[12:41:05] DM from js14 (27 chars): 'Got 10 bucks left any plays'
    -> context channel: mirrored only (no tip intake)
[12:41:31] DM from oomamii (79 chars): 'In some 400s for Nov/Dec \n\nNeeds good time I think, but will eventually explode'
    -> context channel: mirrored only (no tip intake)
[12:42:08] DM from CondorTango (23 chars): 'googl 400 weeklies lmao'
    -> context channel: mirrored only (no tip intake)
[12:42:26] DM from Riley (52 chars): '<@295400413438672898> look at APP and thank me later'
    -> context channel: mirrored only (no tip intake)
[12:42:51] DM from Beermoney (10 chars): 'scratchers'
    -> context channel: mirrored only (no tip intake)
[12:42:56] DM from Riley (27 chars + 1 image(s)): 'Average APP leap call buyer'
    -> context channel: mirrored only (no tip intake)
[12:43:21] DM from CondorTango (0 chars + 1 image(s)): ''
    -> context channel: mirrored only (no tip intake)
[12:43:43] DM from Riley (61 chars): 'Think on the other side of the ball, accumulation…. Wyckoff….'
    -> context channel: mirrored only (no tip intake)
[12:44:03] DM from Riley (11 chars): 'Holding 300'
    -> context channel: mirrored only (no tip intake)
[12:44:31] DM from CondorTango (23 chars): 'but it used to hold 500'
    -> context channel: mirrored only (no tip intake)
[12:44:57] DM from Cybercool94 (29 chars): 'MU about to get bagged niggas'
    -> context channel: mirrored only (no tip intake)
[12:46:07] DM from Riley (68 chars): 'Financials improving while it’s at 300. Don’t say I didn’t tell you!'
    -> context channel: mirrored only (no tip intake)
[12:46:15] DM from rdmoney (13 chars): 'Is this real?'
    -> context channel: mirrored only (no tip intake)
[12:47:16] DM from CondorTango (115 chars + 1 image(s)): 'actually joking aside they do look appealing. either for an acquisition target or for comeback or margin expan'
    -> context channel: mirrored only (no tip intake)
[gateway] disconnected: 'charmap' codec can't encode characters in position 50-51: character maps to <undefined>; reconnecting in 60s
[gateway] connected; heartbeat every 41.2s; ingesting to http://127.0.0.1:8420
[gateway] READY as visper7112 (32 DM channels)
[gateway] reported catalog: 24 DM(s), 14 server(s), 1929 channel(s) — pick sources in the app
[gateway] listening.
[12:48:54] DM from TT Alerts [bot] (212 chars): 'Gonna wait for tomorrow to add to MU <@&1477879814013849600>\nInkedcapital\nGonna wait for tomorrow to add to MU'
    -> ingest failed: 'charmap' codec can't encode characters in position 35-36: character maps to <undefined>
[12:49:34] DM from OWLS Capital Clanker [bot] (179 chars): 'From <#1270064409691291774>\nInkedcapital\nGonna wait for tomorrow to add to MU\nOfficial TT alert bot. For infor'
    -> context channel: mirrored only (no tip intake)
[12:49:34] DM from KianTrades (Yes Its Me) (11 chars): 'DRAM dumper'
    -> context channel: mirrored only (no tip intake)
[12:49:34] DM from rdmoney (0 chars): ''
    -> context channel: mirrored only (no tip intake)
[12:49:34] DM from CondorTango (312 chars): 'i have long held that there is a coming software discoverability crisis\n\neveryone and their grandmother is mak'